[staging.explorerutgers.com.php72-4.lan3-1.websitetestlink.com/index.html]
[backblue.gif]
[fade.gif]
[index.html]
[staging.explorerutgers.com.php72-4.lan3-1.websitetestlink.com/css/style.css]
[staging.explorerutgers.com.php72-4.lan3-1.websitetestlink.com/css/style_responsive.css]
[staging.explorerutgers.com.php72-4.lan3-1.websitetestlink.com/favicon.ico]
[use.typekit.net/cql0kxs.css]
[cdnjs.cloudflare.com/ajax/libs/Swiper/4.4.6/css/swiper.min.css]
[cdnjs.cloudflare.com/ajax/libs/font-awesome/5.7.2/css/all.min.css]
[cdnjs.cloudflare.com/ajax/libs/normalize/8.0.1/normalize.min.css]
[staging.explorerutgers.com.php72-4.lan3-1.websitetestlink.com/img/logo.png]
[staging.explorerutgers.com.php72-4.lan3-1.websitetestlink.com/submap7949.html]
[staging.explorerutgers.com.php72-4.lan3-1.websitetestlink.com/submap0952.html]
[staging.explorerutgers.com.php72-4.lan3-1.websitetestlink.com/submap39f4.html]
[staging.explorerutgers.com.php72-4.lan3-1.websitetestlink.com/submap27bf.html]
[staging.explorerutgers.com.php72-4.lan3-1.websitetestlink.com/submap33ea.html]
[staging.explorerutgers.com.php72-4.lan3-1.websitetestlink.com/submap90f3.html]
[staging.explorerutgers.com.php72-4.lan3-1.websitetestlink.com/img/3d-bus.png]
[staging.explorerutgers.com.php72-4.lan3-1.websitetestlink.com/img/maps/main_base.png]
[staging.explorerutgers.com.php72-4.lan3-1.websitetestlink.com/img/maps/main_elements.png]
[6c9c3c50392132926659-67b3ade35e7ee5b8a1a91a3f1716686e.ssl.cf5.rackcdn.com/3.jpg]
[6c9c3c50392132926659-67b3ade35e7ee5b8a1a91a3f1716686e.ssl.cf5.rackcdn.com/4.jpg]
[6c9c3c50392132926659-67b3ade35e7ee5b8a1a91a3f1716686e.ssl.cf5.rackcdn.com/5.jpg]
[6c9c3c50392132926659-67b3ade35e7ee5b8a1a91a3f1716686e.ssl.cf5.rackcdn.com/6.jpg]
[6c9c3c50392132926659-67b3ade35e7ee5b8a1a91a3f1716686e.ssl.cf5.rackcdn.com/7.jpg]
[6c9c3c50392132926659-67b3ade35e7ee5b8a1a91a3f1716686e.ssl.cf5.rackcdn.com/8.jpg]
[6c9c3c50392132926659-67b3ade35e7ee5b8a1a91a3f1716686e.ssl.cf5.rackcdn.com/17.png]
[staging.explorerutgers.com.php72-4.lan3-1.websitetestlink.com/submapea82.html]
[6c9c3c50392132926659-67b3ade35e7ee5b8a1a91a3f1716686e.ssl.cf5.rackcdn.com/24.jpg]
[staging.explorerutgers.com.php72-4.lan3-1.websitetestlink.com/submapb011.html]
[6c9c3c50392132926659-67b3ade35e7ee5b8a1a91a3f1716686e.ssl.cf5.rackcdn.com/2.jpg]
[staging.explorerutgers.com.php72-4.lan3-1.websitetestlink.com/submapfa25.html]
[6c9c3c50392132926659-67b3ade35e7ee5b8a1a91a3f1716686e.ssl.cf5.rackcdn.com/18.png]
[staging.explorerutgers.com.php72-4.lan3-1.websitetestlink.com/submapcc03.html]
[6c9c3c50392132926659-67b3ade35e7ee5b8a1a91a3f1716686e.ssl.cf5.rackcdn.com/20.png]
[staging.explorerutgers.com.php72-4.lan3-1.websitetestlink.com/submapa434.html]
[6c9c3c50392132926659-67b3ade35e7ee5b8a1a91a3f1716686e.ssl.cf5.rackcdn.com/15.jpg]
[staging.explorerutgers.com.php72-4.lan3-1.websitetestlink.com/submap278d.html]
[staging.explorerutgers.com.php72-4.lan3-1.websitetestlink.com/img/footer-logo.png]
[cdnjs.cloudflare.com/ajax/libs/jquery/3.3.1/jquery.min.js]
[cdnjs.cloudflare.com/ajax/libs/Swiper/4.4.6/js/swiper.min.js]
[cdnjs.cloudflare.com/ajax/libs/headroom/0.11.0/headroom.min.js]
[cdnjs.cloudflare.com/ajax/libs/headroom/0.11.0/jQuery.headroom.min.js]
[staging.explorerutgers.com.php72-4.lan3-1.websitetestlink.com/index.html]
[staging.explorerutgers.com.php72-4.lan3-1.websitetestlink.com/js/script.js]
[staging.explorerutgers.com.php72-4.lan3-1.websitetestlink.com/img/background-pattern.png]
[staging.explorerutgers.com.php72-4.lan3-1.websitetestlink.com/img/slider-arrow-right.png]
[staging.explorerutgers.com.php72-4.lan3-1.websitetestlink.com/img/slider-arrow-left.png]
[staging.explorerutgers.com.php72-4.lan3-1.websitetestlink.com/img/ambassador-pin-resized-v2.png]
[staging.explorerutgers.com.php72-4.lan3-1.websitetestlink.com/css/style.css]
[staging.explorerutgers.com.php72-4.lan3-1.websitetestlink.com/css/style_responsive.css]
[use.typekit.net/af/6400d8/00000000000000003b9b1388/27/l3eab]
[use.typekit.net/af/6400d8/00000000000000003b9b1388/27/d3eab]
[use.typekit.net/af/6400d8/00000000000000003b9b1388/27/a3eab]
[use.typekit.net/af/ce622d/00000000000000003b9b1389/27/lfdcc]
[use.typekit.net/af/ce622d/00000000000000003b9b1389/27/dfdcc]
[use.typekit.net/af/ce622d/00000000000000003b9b1389/27/afdcc]
[use.typekit.net/af/73c475/00000000000000003b9b138a/27/le196]
[use.typekit.net/af/73c475/00000000000000003b9b138a/27/de196]
[use.typekit.net/af/73c475/00000000000000003b9b138a/27/ae196]
[use.typekit.net/af/96e6b0/00000000000000003b9b138d/27/l652f]
[use.typekit.net/af/96e6b0/00000000000000003b9b138d/27/d652f]
[use.typekit.net/af/96e6b0/00000000000000003b9b138d/27/a652f]
[use.typekit.net/af/091215/00000000000000003b9b138e/27/le265]
[use.typekit.net/af/091215/00000000000000003b9b138e/27/de265]
[use.typekit.net/cql0kxs.css]
[use.typekit.net/af/091215/00000000000000003b9b138e/27/ae265]
[cdnjs.cloudflare.com/ajax/libs/Swiper/4.4.6/css/swiper.min.css]
[cdnjs.cloudflare.com/ajax/libs/font-awesome/5.7.2/css/all.min.css]
[cdnjs.cloudflare.com/ajax/libs/normalize/8.0.1/normalize.min.css]
[www.googletagmanager.com/gtm5445.html]
[staging.explorerutgers.com.php72-4.lan3-1.websitetestlink.com/img/maps/busch_campus_elements.png]
[staging.explorerutgers.com.php72-4.lan3-1.websitetestlink.com/img/maps/busch_blur.png]
[staging.explorerutgers.com.php72-4.lan3-1.websitetestlink.com/img/maps/busch_campus_animations.gif]
[staging.explorerutgers.com.php72-4.lan3-1.websitetestlink.com/img/maps/college_ave_base.png]
[staging.explorerutgers.com.php72-4.lan3-1.websitetestlink.com/img/maps/college_ave_elements.png]
[staging.explorerutgers.com.php72-4.lan3-1.websitetestlink.com/img/maps/college_ave_elements2.png]
[staging.explorerutgers.com.php72-4.lan3-1.websitetestlink.com/img/maps/cook_base.png]
[staging.explorerutgers.com.php72-4.lan3-1.websitetestlink.com/img/maps/cook_elements.png]
[staging.explorerutgers.com.php72-4.lan3-1.websitetestlink.com/img/maps/college_ave_blur.png]
[staging.explorerutgers.com.php72-4.lan3-1.websitetestlink.com/img/maps/cook_elements2.png]
[staging.explorerutgers.com.php72-4.lan3-1.websitetestlink.com/img/maps/cook_blur.png]
[staging.explorerutgers.com.php72-4.lan3-1.websitetestlink.com/img/maps/douglass_base.png]
[staging.explorerutgers.com.php72-4.lan3-1.websitetestlink.com/img/maps/cook_animations.gif]
[staging.explorerutgers.com.php72-4.lan3-1.websitetestlink.com/img/maps/douglass_elements2.png]
[staging.explorerutgers.com.php72-4.lan3-1.websitetestlink.com/img/maps/douglass_elements.png]
[staging.explorerutgers.com.php72-4.lan3-1.websitetestlink.com/img/maps/downtown_elements.png]
[staging.explorerutgers.com.php72-4.lan3-1.websitetestlink.com/img/maps/college_ave_trees.gif]
[staging.explorerutgers.com.php72-4.lan3-1.websitetestlink.com/img/maps/douglass_blur.png]
[staging.explorerutgers.com.php72-4.lan3-1.websitetestlink.com/img/maps/downtown_elements2.png]
[staging.explorerutgers.com.php72-4.lan3-1.websitetestlink.com/img/maps/livingston_base.png]
[staging.explorerutgers.com.php72-4.lan3-1.websitetestlink.com/img/maps/livingston_elements.png]
[staging.explorerutgers.com.php72-4.lan3-1.websitetestlink.com/img/maps/livingston_elements2.png]
[6c9c3c50392132926659-67b3ade35e7ee5b8a1a91a3f1716686e.ssl.cf5.rackcdn.com/28.jpg]
[staging.explorerutgers.com.php72-4.lan3-1.websitetestlink.com/submap7949.html]
[staging.explorerutgers.com.php72-4.lan3-1.websitetestlink.com/submap0952.html]
[staging.explorerutgers.com.php72-4.lan3-1.websitetestlink.com/submap39f4.html]
[staging.explorerutgers.com.php72-4.lan3-1.websitetestlink.com/submap27bf.html]
[staging.explorerutgers.com.php72-4.lan3-1.websitetestlink.com/submap33ea.html]
[staging.explorerutgers.com.php72-4.lan3-1.websitetestlink.com/submap90f3.html]
[staging.explorerutgers.com.php72-4.lan3-1.websitetestlink.com/img/maps/livingston_blur.png]
[staging.explorerutgers.com.php72-4.lan3-1.websitetestlink.com/submapea82.html]
[staging.explorerutgers.com.php72-4.lan3-1.websitetestlink.com/submapb011.html]
[staging.explorerutgers.com.php72-4.lan3-1.websitetestlink.com/submapfa25.html]
[staging.explorerutgers.com.php72-4.lan3-1.websitetestlink.com/submapcc03.html]
[staging.explorerutgers.com.php72-4.lan3-1.websitetestlink.com/submapa434.html]
[staging.explorerutgers.com.php72-4.lan3-1.websitetestlink.com/submap278d.html]
[p.typekit.net/p652f.css]
[staging.explorerutgers.com.php72-4.lan3-1.websitetestlink.com/img/maps/busch_campus_elements2.png]
[staging.explorerutgers.com.php72-4.lan3-1.websitetestlink.com/img/maps/downtown_base.png]
[staging.explorerutgers.com.php72-4.lan3-1.websitetestlink.com/img/maps/livingston_trees.gif]
[staging.explorerutgers.com.php72-4.lan3-1.websitetestlink.com/img/maps/busch_campus_base.png]
[staging.explorerutgers.com.php72-4.lan3-1.websitetestlink.com/img/maps/douglass_trees.gif]
[staging.explorerutgers.com.php72-4.lan3-1.websitetestlink.com/img/maps/downtown_animations.gif]
